Testing Murf Generation...
Voice: en-US-alina
Style: Terrified
Γ£à Generation successful!
